c:\users\tmlis\documents\github\capstone\single motor test\hil_read_encoder_example\x64\debug\vc143.pdb
c:\users\tmlis\documents\github\capstone\single motor test\hil_read_encoder_example\x64\debug\vc143.idb
c:\users\derek\onedrive - ubc\year 4\mech 458\t20  rcl_ultrasound haptic feedback device\capstone\single motor test\hil_read_encoder_example\x64\debug\singlemotorproportionalcontrol.exe
c:\users\derek\onedrive - ubc\year 4\mech 458\t20  rcl_ultrasound haptic feedback device\capstone\single motor test\hil_read_encoder_example\x64\debug\singlemotorproportionalcontrol.ilk
c:\users\derek\onedrive - ubc\year 4\mech 458\t20  rcl_ultrasound haptic feedback device\capstone\single motor test\hil_read_encoder_example\x64\debug\singlemotorproportionalcontrol.pdb
c:\users\derek\onedrive - ubc\year 4\mech 458\t20  rcl_ultrasound haptic feedback device\capstone\single motor test\hil_read_encoder_example\x64\debug\continuous.obj
c:\users\derek\onedrive - ubc\year 4\mech 458\t20  rcl_ultrasound haptic feedback device\capstone\single motor test\hil_read_encoder_example\x64\debug\encoder191225.obj
c:\users\derek\onedrive - ubc\year 4\mech 458\t20  rcl_ultrasound haptic feedback device\capstone\single motor test\hil_read_encoder_example\x64\debug\hil_read_encoder_example.obj
c:\users\derek\onedrive - ubc\year 4\mech 458\t20  rcl_ultrasound haptic feedback device\capstone\single motor test\hil_read_encoder_example\x64\debug\kinematics.obj
c:\users\derek\onedrive - ubc\year 4\mech 458\t20  rcl_ultrasound haptic feedback device\capstone\single motor test\hil_read_encoder_example\x64\debug\singlemotortest.obj
c:\users\derek\onedrive - ubc\year 4\mech 458\t20  rcl_ultrasound haptic feedback device\capstone\single motor test\hil_read_encoder_example\x64\debug\hil_read_encoder_example.ilk
c:\users\derek\onedrive - ubc\year 4\mech 458\t20  rcl_ultrasound haptic feedback device\capstone\single motor test\hil_read_encoder_example\x64\debug\singlemotor.ilk
c:\users\derek\onedrive - ubc\year 4\mech 458\t20  rcl_ultrasound haptic feedback device\capstone\single motor test\hil_read_encoder_example\x64\debug\vc143-desktop-02.idb
c:\users\derek\onedrive - ubc\year 4\mech 458\t20  rcl_ultrasound haptic feedback device\capstone\single motor test\hil_read_encoder_example\x64\debug\vc143.idb
c:\users\derek\onedrive - ubc\year 4\mech 458\t20  rcl_ultrasound haptic feedback device\capstone\single motor test\hil_read_encoder_example\x64\debug\hil_read_encoder_example.pdb
c:\users\derek\onedrive - ubc\year 4\mech 458\t20  rcl_ultrasound haptic feedback device\capstone\single motor test\hil_read_encoder_example\x64\debug\singlemotor.pdb
c:\users\derek\onedrive - ubc\year 4\mech 458\t20  rcl_ultrasound haptic feedback device\capstone\single motor test\hil_read_encoder_example\x64\debug\singlemotorproportionalcontrol-xps-13-9300.pdb
c:\users\derek\onedrive - ubc\year 4\mech 458\t20  rcl_ultrasound haptic feedback device\capstone\single motor test\hil_read_encoder_example\x64\debug\vc143-desktop-02.pdb
c:\users\derek\onedrive - ubc\year 4\mech 458\t20  rcl_ultrasound haptic feedback device\capstone\single motor test\hil_read_encoder_example\x64\debug\vc143.pdb
c:\users\derek\onedrive - ubc\year 4\mech 458\t20  rcl_ultrasound haptic feedback device\capstone\single motor test\hil_read_encoder_example\x64\debug\singlemo.a2ed9687.tlog\cl.command.1.tlog
c:\users\derek\onedrive - ubc\year 4\mech 458\t20  rcl_ultrasound haptic feedback device\capstone\single motor test\hil_read_encoder_example\x64\debug\singlemo.a2ed9687.tlog\cl.items.tlog
c:\users\derek\onedrive - ubc\year 4\mech 458\t20  rcl_ultrasound haptic feedback device\capstone\single motor test\hil_read_encoder_example\x64\debug\singlemo.a2ed9687.tlog\cl.write.1.tlog
c:\users\derek\onedrive - ubc\year 4\mech 458\t20  rcl_ultrasound haptic feedback device\capstone\single motor test\hil_read_encoder_example\x64\debug\singlemo.a2ed9687.tlog\link.command.1.tlog
c:\users\derek\onedrive - ubc\year 4\mech 458\t20  rcl_ultrasound haptic feedback device\capstone\single motor test\hil_read_encoder_example\x64\debug\singlemo.a2ed9687.tlog\link.read.1.tlog
c:\users\derek\onedrive - ubc\year 4\mech 458\t20  rcl_ultrasound haptic feedback device\capstone\single motor test\hil_read_encoder_example\x64\debug\singlemo.a2ed9687.tlog\link.secondary.1.tlog
c:\users\derek\onedrive - ubc\year 4\mech 458\t20  rcl_ultrasound haptic feedback device\capstone\single motor test\hil_read_encoder_example\x64\debug\singlemo.a2ed9687.tlog\link.write.1.tlog
